Java HotSpot(TM) 64-Bit Server VM (25.212-b10) for windows-amd64 JRE (1.8.0_212-b10), built on Apr  1 2019 22:50:23 by "java_re" with MS VC++ 10.0 (VS2010)
Memory: 4k page, physical 8269924k(2613996k free), swap 33435748k(21727604k free)
CommandLine flags: -XX:InitialHeapSize=536870912 -XX:MaxHeapSize=536870912 -XX:MaxNewSize=178958336 -XX:MaxTenuringThreshold=6 -XX:NewSize=178958336 -XX:OldPLABSize=16 -XX:OldSize=357912576 -XX:+PrintGC -XX:+PrintGCDateStamps -XX:+PrintGCDetails -XX:+PrintGCTimeStamps -XX:+UseCompressedClassPointers -XX:+UseCompressedOops -XX:+UseConcMarkSweepGC -XX:-UseLargePagesIndividualAllocation -XX:+UseParNewGC 
2021-09-23T23:00:17.578+0800: 0.185: [GC (Allocation Failure) 2021-09-23T23:00:17.578+0800: 0.185: [ParNew: 139749K->17466K(157248K), 0.0103886 secs] 139749K->44564K(506816K), 0.0106023 secs] [Times: user=0.03 sys=0.00, real=0.01 secs] 
2021-09-23T23:00:17.609+0800: 0.216: [GC (Allocation Failure) 2021-09-23T23:00:17.609+0800: 0.217: [ParNew: 157242K->17472K(157248K), 0.0115025 secs] 184340K->88462K(506816K), 0.0115761 secs] [Times: user=0.05 sys=0.05, real=0.01 secs] 
2021-09-23T23:00:17.642+0800: 0.249: [GC (Allocation Failure) 2021-09-23T23:00:17.642+0800: 0.249: [ParNew: 157248K->17470K(157248K), 0.0224350 secs] 228238K->130982K(506816K), 0.0225193 secs] [Times: user=0.19 sys=0.02, real=0.02 secs] 
2021-09-23T23:00:17.684+0800: 0.291: [GC (Allocation Failure) 2021-09-23T23:00:17.684+0800: 0.291: [ParNew: 157246K->17471K(157248K), 0.0216933 secs] 270758K->175579K(506816K), 0.0217607 secs] [Times: user=0.09 sys=0.02, real=0.02 secs] 
2021-09-23T23:00:17.726+0800: 0.333: [GC (Allocation Failure) 2021-09-23T23:00:17.726+0800: 0.333: [ParNew: 157247K->17472K(157248K), 0.0188966 secs] 315355K->216441K(506816K), 0.0189629 secs] [Times: user=0.09 sys=0.02, real=0.02 secs] 
2021-09-23T23:00:17.745+0800: 0.352: [GC (CMS Initial Mark) [1 CMS-initial-mark: 198969K(349568K)] 216880K(506816K), 0.0006563 secs] [Times: user=0.00 sys=0.00, real=0.00 secs] 
2021-09-23T23:00:17.746+0800: 0.353: [CMS-concurrent-mark-start]
2021-09-23T23:00:17.748+0800: 0.355: [CMS-concurrent-mark: 0.002/0.002 secs] [Times: user=0.00 sys=0.00, real=0.00 secs] 
2021-09-23T23:00:17.748+0800: 0.355: [CMS-concurrent-preclean-start]
2021-09-23T23:00:17.749+0800: 0.356: [CMS-concurrent-preclean: 0.001/0.001 secs] [Times: user=0.00 sys=0.00, real=0.00 secs] 
2021-09-23T23:00:17.749+0800: 0.356: [CMS-concurrent-abortable-preclean-start]
2021-09-23T23:00:17.767+0800: 0.374: [GC (Allocation Failure) 2021-09-23T23:00:17.767+0800: 0.374: [ParNew: 157248K->17470K(157248K), 0.0220858 secs] 356217K->263524K(506816K), 0.0221546 secs] [Times: user=0.19 sys=0.00, real=0.02 secs] 
2021-09-23T23:00:17.806+0800: 0.413: [GC (Allocation Failure) 2021-09-23T23:00:17.806+0800: 0.413: [ParNew: 157246K->17471K(157248K), 0.0186463 secs] 403300K->300854K(506816K), 0.0187214 secs] [Times: user=0.09 sys=0.02, real=0.02 secs] 
2021-09-23T23:00:17.843+0800: 0.450: [GC (Allocation Failure) 2021-09-23T23:00:17.844+0800: 0.450: [ParNew: 157247K->17471K(157248K), 0.0228040 secs] 440630K->348709K(506816K), 0.0228882 secs] [Times: user=0.19 sys=0.03, real=0.02 secs] 
2021-09-23T23:00:17.867+0800: 0.474: [CMS-concurrent-abortable-preclean: 0.004/0.118 secs] [Times: user=0.52 sys=0.05, real=0.12 secs] 
2021-09-23T23:00:17.867+0800: 0.474: [GC (CMS Final Remark) [YG occupancy: 24025 K (157248 K)]2021-09-23T23:00:17.867+0800: 0.474: [Rescan (parallel) , 0.0002760 secs]2021-09-23T23:00:17.868+0800: 0.474: [weak refs processing, 0.0000114 secs]2021-09-23T23:00:17.868+0800: 0.474: [class unloading, 0.0002007 secs]2021-09-23T23:00:17.868+0800: 0.475: [scrub symbol table, 0.0003078 secs]2021-09-23T23:00:17.868+0800: 0.475: [scrub string table, 0.0000922 secs][1 CMS-remark: 331238K(349568K)] 355263K(506816K), 0.0009553 secs] [Times: user=0.00 sys=0.00, real=0.00 secs] 
2021-09-23T23:00:17.868+0800: 0.475: [CMS-concurrent-sweep-start]
2021-09-23T23:00:17.869+0800: 0.476: [CMS-concurrent-sweep: 0.001/0.001 secs] [Times: user=0.00 sys=0.00, real=0.00 secs] 
2021-09-23T23:00:17.869+0800: 0.476: [CMS-concurrent-reset-start]
2021-09-23T23:00:17.870+0800: 0.477: [CMS-concurrent-reset: 0.001/0.001 secs] [Times: user=0.00 sys=0.00, real=0.00 secs] 
2021-09-23T23:00:17.885+0800: 0.492: [GC (Allocation Failure) 2021-09-23T23:00:17.885+0800: 0.492: [ParNew: 157247K->17467K(157248K), 0.0133194 secs] 449546K->355196K(506816K), 0.0133906 secs] [Times: user=0.08 sys=0.01, real=0.01 secs] 
2021-09-23T23:00:17.898+0800: 0.505: [GC (CMS Initial Mark) [1 CMS-initial-mark: 337728K(349568K)] 355463K(506816K), 0.0001281 secs] [Times: user=0.00 sys=0.00, real=0.00 secs] 
2021-09-23T23:00:17.899+0800: 0.505: [CMS-concurrent-mark-start]
2021-09-23T23:00:17.900+0800: 0.507: [CMS-concurrent-mark: 0.001/0.001 secs] [Times: user=0.00 sys=0.00, real=0.00 secs] 
2021-09-23T23:00:17.900+0800: 0.507: [CMS-concurrent-preclean-start]
2021-09-23T23:00:17.900+0800: 0.507: [CMS-concurrent-preclean: 0.000/0.000 secs] [Times: user=0.00 sys=0.00, real=0.00 secs] 
2021-09-23T23:00:17.900+0800: 0.507: [CMS-concurrent-abortable-preclean-start]
2021-09-23T23:00:17.900+0800: 0.507: [CMS-concurrent-abortable-preclean: 0.000/0.000 secs] [Times: user=0.00 sys=0.00, real=0.00 secs] 
2021-09-23T23:00:17.900+0800: 0.507: [GC (CMS Final Remark) [YG occupancy: 34212 K (157248 K)]2021-09-23T23:00:17.900+0800: 0.507: [Rescan (parallel) , 0.0003808 secs]2021-09-23T23:00:17.901+0800: 0.508: [weak refs processing, 0.0000178 secs]2021-09-23T23:00:17.901+0800: 0.508: [class unloading, 0.0003695 secs]2021-09-23T23:00:17.901+0800: 0.508: [scrub symbol table, 0.0003646 secs]2021-09-23T23:00:17.902+0800: 0.508: [scrub string table, 0.0000991 secs][1 CMS-remark: 337728K(349568K)] 371940K(506816K), 0.0013175 secs] [Times: user=0.00 sys=0.00, real=0.00 secs] 
2021-09-23T23:00:17.902+0800: 0.509: [CMS-concurrent-sweep-start]
2021-09-23T23:00:17.903+0800: 0.509: [CMS-concurrent-sweep: 0.001/0.001 secs] [Times: user=0.00 sys=0.00, real=0.00 secs] 
2021-09-23T23:00:17.903+0800: 0.509: [CMS-concurrent-reset-start]
2021-09-23T23:00:17.903+0800: 0.510: [CMS-concurrent-reset: 0.001/0.001 secs] [Times: user=0.00 sys=0.00, real=0.00 secs] 
2021-09-23T23:00:17.917+0800: 0.524: [GC (Allocation Failure) 2021-09-23T23:00:17.917+0800: 0.524: [ParNew: 157243K->17471K(157248K), 0.0108968 secs] 398295K->309414K(506816K), 0.0109660 secs] [Times: user=0.11 sys=0.00, real=0.01 secs] 
2021-09-23T23:00:17.928+0800: 0.535: [GC (CMS Initial Mark) [1 CMS-initial-mark: 291942K(349568K)] 309558K(506816K), 0.0001524 secs] [Times: user=0.00 sys=0.00, real=0.00 secs] 
2021-09-23T23:00:17.928+0800: 0.535: [CMS-concurrent-mark-start]
2021-09-23T23:00:17.929+0800: 0.536: [CMS-concurrent-mark: 0.001/0.001 secs] [Times: user=0.00 sys=0.00, real=0.00 secs] 
2021-09-23T23:00:17.929+0800: 0.536: [CMS-concurrent-preclean-start]
2021-09-23T23:00:17.930+0800: 0.537: [CMS-concurrent-preclean: 0.000/0.000 secs] [Times: user=0.00 sys=0.00, real=0.00 secs] 
2021-09-23T23:00:17.930+0800: 0.537: [CMS-concurrent-abortable-preclean-start]
2021-09-23T23:00:17.948+0800: 0.555: [GC (Allocation Failure) 2021-09-23T23:00:17.948+0800: 0.555: [ParNew: 157247K->17471K(157248K), 0.0102925 secs] 449190K->354227K(506816K), 0.0103722 secs] [Times: user=0.08 sys=0.00, real=0.01 secs] 
2021-09-23T23:00:17.958+0800: 0.565: [CMS-concurrent-abortable-preclean: 0.000/0.028 secs] [Times: user=0.09 sys=0.00, real=0.03 secs] 
2021-09-23T23:00:17.958+0800: 0.565: [GC (CMS Final Remark) [YG occupancy: 20467 K (157248 K)]2021-09-23T23:00:17.958+0800: 0.565: [Rescan (parallel) , 0.0003133 secs]2021-09-23T23:00:17.959+0800: 0.566: [weak refs processing, 0.0000157 secs]2021-09-23T23:00:17.959+0800: 0.566: [class unloading, 0.0002038 secs]2021-09-23T23:00:17.959+0800: 0.566: [scrub symbol table, 0.0003100 secs]2021-09-23T23:00:17.959+0800: 0.566: [scrub string table, 0.0001078 secs][1 CMS-remark: 336755K(349568K)] 357223K(506816K), 0.0010168 secs] [Times: user=0.00 sys=0.00, real=0.00 secs] 
2021-09-23T23:00:17.959+0800: 0.566: [CMS-concurrent-sweep-start]
2021-09-23T23:00:17.960+0800: 0.567: [CMS-concurrent-sweep: 0.001/0.001 secs] [Times: user=0.00 sys=0.00, real=0.00 secs] 
2021-09-23T23:00:17.960+0800: 0.567: [CMS-concurrent-reset-start]
2021-09-23T23:00:17.961+0800: 0.568: [CMS-concurrent-reset: 0.000/0.000 secs] [Times: user=0.00 sys=0.00, real=0.00 secs] 
2021-09-23T23:00:17.979+0800: 0.586: [GC (Allocation Failure) 2021-09-23T23:00:17.979+0800: 0.586: [ParNew: 157247K->157247K(157248K), 0.0000181 secs]2021-09-23T23:00:17.979+0800: 0.586: [CMS: 310111K->311856K(349568K), 0.0436066 secs] 467359K->311856K(506816K), [Metaspace: 2628K->2628K(1056768K)], 0.0437150 secs] [Times: user=0.05 sys=0.00, real=0.04 secs] 
2021-09-23T23:00:18.023+0800: 0.630: [GC (CMS Initial Mark) [1 CMS-initial-mark: 311856K(349568K)] 315261K(506816K), 0.0004307 secs] [Times: user=0.00 sys=0.00, real=0.00 secs] 
2021-09-23T23:00:18.023+0800: 0.630: [CMS-concurrent-mark-start]
2021-09-23T23:00:18.025+0800: 0.631: [CMS-concurrent-mark: 0.001/0.001 secs] [Times: user=0.00 sys=0.00, real=0.00 secs] 
2021-09-23T23:00:18.025+0800: 0.632: [CMS-concurrent-preclean-start]
2021-09-23T23:00:18.025+0800: 0.632: [CMS-concurrent-preclean: 0.000/0.000 secs] [Times: user=0.00 sys=0.00, real=0.00 secs] 
2021-09-23T23:00:18.025+0800: 0.632: [CMS-concurrent-abortable-preclean-start]
2021-09-23T23:00:18.042+0800: 0.650: [GC (Allocation Failure) 2021-09-23T23:00:18.042+0800: 0.650: [ParNew: 139776K->17469K(157248K), 0.0072899 secs] 451632K->356548K(506816K), 0.0073397 secs] [Times: user=0.13 sys=0.00, real=0.01 secs] 
2021-09-23T23:00:18.051+0800: 0.657: [CMS-concurrent-abortable-preclean: 0.001/0.025 secs] [Times: user=0.14 sys=0.00, real=0.03 secs] 
2021-09-23T23:00:18.051+0800: 0.657: [GC (CMS Final Remark) [YG occupancy: 20303 K (157248 K)]2021-09-23T23:00:18.051+0800: 0.657: [Rescan (parallel) , 0.0003467 secs]2021-09-23T23:00:18.051+0800: 0.658: [weak refs processing, 0.0000186 secs]2021-09-23T23:00:18.051+0800: 0.658: [class unloading, 0.0003602 secs]2021-09-23T23:00:18.051+0800: 0.658: [scrub symbol table, 0.0005471 secs]2021-09-23T23:00:18.052+0800: 0.659: [scrub string table, 0.0001510 secs][1 CMS-remark: 339079K(349568K)] 359383K(506816K), 0.0015498 secs] [Times: user=0.00 sys=0.00, real=0.00 secs] 
2021-09-23T23:00:18.052+0800: 0.659: [CMS-concurrent-sweep-start]
2021-09-23T23:00:18.053+0800: 0.660: [CMS-concurrent-sweep: 0.001/0.001 secs] [Times: user=0.00 sys=0.00, real=0.00 secs] 
2021-09-23T23:00:18.053+0800: 0.660: [CMS-concurrent-reset-start]
2021-09-23T23:00:18.053+0800: 0.660: [CMS-concurrent-reset: 0.000/0.000 secs] [Times: user=0.00 sys=0.00, real=0.00 secs] 
2021-09-23T23:00:18.071+0800: 0.678: [GC (Allocation Failure) 2021-09-23T23:00:18.071+0800: 0.678: [ParNew: 157245K->157245K(157248K), 0.0000174 secs]2021-09-23T23:00:18.071+0800: 0.678: [CMS: 339043K->324138K(349568K), 0.0479435 secs] 496289K->324138K(506816K), [Metaspace: 2628K->2628K(1056768K)], 0.0480682 secs] [Times: user=0.05 sys=0.00, real=0.05 secs] 
2021-09-23T23:00:18.120+0800: 0.726: [GC (CMS Initial Mark) [1 CMS-initial-mark: 324138K(349568K)] 324937K(506816K), 0.0003868 secs] [Times: user=0.00 sys=0.00, real=0.00 secs] 
2021-09-23T23:00:18.120+0800: 0.727: [CMS-concurrent-mark-start]
2021-09-23T23:00:18.122+0800: 0.728: [CMS-concurrent-mark: 0.001/0.001 secs] [Times: user=0.00 sys=0.00, real=0.00 secs] 
2021-09-23T23:00:18.122+0800: 0.728: [CMS-concurrent-preclean-start]
2021-09-23T23:00:18.122+0800: 0.729: [CMS-concurrent-preclean: 0.000/0.000 secs] [Times: user=0.00 sys=0.00, real=0.00 secs] 
2021-09-23T23:00:18.122+0800: 0.729: [CMS-concurrent-abortable-preclean-start]
2021-09-23T23:00:18.139+0800: 0.746: [GC (Allocation Failure) 2021-09-23T23:00:18.139+0800: 0.746: [ParNew (promotion failed): 139776K->157247K(157248K), 0.0104124 secs]2021-09-23T23:00:18.150+0800: 0.757: [CMS2021-09-23T23:00:18.150+0800: 0.757: [CMS-concurrent-abortable-preclean: 0.001/0.028 secs] [Times: user=0.11 sys=0.00, real=0.03 secs] 
 (concurrent mode failure): 349350K->335735K(349568K), 0.0459812 secs] 463914K->335735K(506816K), [Metaspace: 2628K->2628K(1056768K)], 0.0564975 secs] [Times: user=0.14 sys=0.00, real=0.06 secs] 
2021-09-23T23:00:18.214+0800: 0.821: [GC (Allocation Failure) 2021-09-23T23:00:18.214+0800: 0.821: [ParNew: 139392K->139392K(157248K), 0.0000182 secs]2021-09-23T23:00:18.214+0800: 0.821: [CMS: 335735K->345017K(349568K), 0.0472114 secs] 475128K->345017K(506816K), [Metaspace: 2628K->2628K(1056768K)], 0.0473145 secs] [Times: user=0.05 sys=0.00, real=0.05 secs] 
2021-09-23T23:00:18.262+0800: 0.868: [GC (CMS Initial Mark) [1 CMS-initial-mark: 345017K(349568K)] 345712K(506816K), 0.0003178 secs] [Times: user=0.00 sys=0.00, real=0.00 secs] 
2021-09-23T23:00:18.262+0800: 0.869: [CMS-concurrent-mark-start]
2021-09-23T23:00:18.264+0800: 0.871: [CMS-concurrent-mark: 0.002/0.002 secs] [Times: user=0.00 sys=0.00, real=0.00 secs] 
2021-09-23T23:00:18.264+0800: 0.871: [CMS-concurrent-preclean-start]
2021-09-23T23:00:18.265+0800: 0.872: [CMS-concurrent-preclean: 0.001/0.001 secs] [Times: user=0.00 sys=0.00, real=0.00 secs] 
2021-09-23T23:00:18.265+0800: 0.872: [CMS-concurrent-abortable-preclean-start]
2021-09-23T23:00:18.265+0800: 0.872: [CMS-concurrent-abortable-preclean: 0.000/0.000 secs] [Times: user=0.00 sys=0.00, real=0.00 secs] 
2021-09-23T23:00:18.265+0800: 0.872: [GC (CMS Final Remark) [YG occupancy: 24984 K (157248 K)]2021-09-23T23:00:18.265+0800: 0.872: [Rescan (parallel) , 0.0006837 secs]2021-09-23T23:00:18.266+0800: 0.873: [weak refs processing, 0.0000131 secs]2021-09-23T23:00:18.266+0800: 0.873: [class unloading, 0.0002112 secs]2021-09-23T23:00:18.266+0800: 0.873: [scrub symbol table, 0.0003364 secs]2021-09-23T23:00:18.266+0800: 0.873: [scrub string table, 0.0001086 secs][1 CMS-remark: 345017K(349568K)] 370002K(506816K), 0.0014253 secs] [Times: user=0.00 sys=0.00, real=0.00 secs] 
2021-09-23T23:00:18.267+0800: 0.873: [CMS-concurrent-sweep-start]
2021-09-23T23:00:18.267+0800: 0.874: [CMS-concurrent-sweep: 0.001/0.001 secs] [Times: user=0.00 sys=0.00, real=0.00 secs] 
2021-09-23T23:00:18.267+0800: 0.874: [CMS-concurrent-reset-start]
2021-09-23T23:00:18.267+0800: 0.874: [CMS-concurrent-reset: 0.000/0.000 secs] [Times: user=0.00 sys=0.00, real=0.00 secs] 
2021-09-23T23:00:18.282+0800: 0.888: [GC (Allocation Failure) 2021-09-23T23:00:18.282+0800: 0.888: [ParNew: 139776K->139776K(157248K), 0.0000178 secs]2021-09-23T23:00:18.282+0800: 0.888: [CMS: 344919K->348693K(349568K), 0.0612573 secs] 484695K->348693K(506816K), [Metaspace: 2628K->2628K(1056768K)], 0.0613746 secs] [Times: user=0.06 sys=0.00, real=0.06 secs] 
2021-09-23T23:00:18.344+0800: 0.950: [GC (CMS Initial Mark) [1 CMS-initial-mark: 348693K(349568K)] 351755K(506816K), 0.0006682 secs] [Times: user=0.00 sys=0.00, real=0.00 secs] 
2021-09-23T23:00:18.344+0800: 0.951: [CMS-concurrent-mark-start]
2021-09-23T23:00:18.346+0800: 0.953: [CMS-concurrent-mark: 0.002/0.002 secs] [Times: user=0.00 sys=0.00, real=0.00 secs] 
2021-09-23T23:00:18.346+0800: 0.953: [CMS-concurrent-preclean-start]
2021-09-23T23:00:18.346+0800: 0.954: [CMS-concurrent-preclean: 0.001/0.001 secs] [Times: user=0.00 sys=0.00, real=0.00 secs] 
2021-09-23T23:00:18.346+0800: 0.954: [CMS-concurrent-abortable-preclean-start]
2021-09-23T23:00:18.346+0800: 0.954: [CMS-concurrent-abortable-preclean: 0.000/0.000 secs] [Times: user=0.00 sys=0.00, real=0.00 secs] 
2021-09-23T23:00:18.347+0800: 0.954: [GC (CMS Final Remark) [YG occupancy: 20199 K (157248 K)]2021-09-23T23:00:18.347+0800: 0.954: [Rescan (parallel) , 0.0009508 secs]2021-09-23T23:00:18.348+0800: 0.955: [weak refs processing, 0.0000162 secs]2021-09-23T23:00:18.348+0800: 0.955: [class unloading, 0.0002482 secs]2021-09-23T23:00:18.348+0800: 0.955: [scrub symbol table, 0.0004278 secs]2021-09-23T23:00:18.348+0800: 0.956: [scrub string table, 0.0001650 secs][1 CMS-remark: 348693K(349568K)] 368892K(506816K), 0.0019027 secs] [Times: user=0.00 sys=0.00, real=0.00 secs] 
2021-09-23T23:00:18.349+0800: 0.956: [CMS-concurrent-sweep-start]
2021-09-23T23:00:18.350+0800: 0.957: [CMS-concurrent-sweep: 0.001/0.001 secs] [Times: user=0.00 sys=0.00, real=0.00 secs] 
2021-09-23T23:00:18.350+0800: 0.957: [CMS-concurrent-reset-start]
2021-09-23T23:00:18.350+0800: 0.957: [CMS-concurrent-reset: 0.000/0.000 secs] [Times: user=0.00 sys=0.00, real=0.00 secs] 
2021-09-23T23:00:18.369+0800: 0.976: [GC (Allocation Failure) 2021-09-23T23:00:18.369+0800: 0.976: [ParNew: 139776K->139776K(157248K), 0.0000218 secs]2021-09-23T23:00:18.369+0800: 0.976: [CMS: 346574K->348320K(349568K), 0.0536568 secs] 486350K->348320K(506816K), [Metaspace: 2628K->2628K(1056768K)], 0.0537733 secs] [Times: user=0.05 sys=0.00, real=0.05 secs] 
2021-09-23T23:00:18.424+0800: 1.030: [GC (CMS Initial Mark) [1 CMS-initial-mark: 348320K(349568K)] 351553K(506816K), 0.0007567 secs] [Times: user=0.00 sys=0.00, real=0.00 secs] 
2021-09-23T23:00:18.424+0800: 1.031: [CMS-concurrent-mark-start]
2021-09-23T23:00:18.426+0800: 1.033: [CMS-concurrent-mark: 0.002/0.002 secs] [Times: user=0.05 sys=0.00, real=0.00 secs] 
2021-09-23T23:00:18.426+0800: 1.033: [CMS-concurrent-preclean-start]
2021-09-23T23:00:18.427+0800: 1.034: [CMS-concurrent-preclean: 0.000/0.000 secs] [Times: user=0.00 sys=0.00, real=0.00 secs] 
2021-09-23T23:00:18.427+0800: 1.034: [CMS-concurrent-abortable-preclean-start]
2021-09-23T23:00:18.427+0800: 1.034: [CMS-concurrent-abortable-preclean: 0.000/0.000 secs] [Times: user=0.00 sys=0.00, real=0.00 secs] 
2021-09-23T23:00:18.427+0800: 1.034: [GC (CMS Final Remark) [YG occupancy: 18246 K (157248 K)]2021-09-23T23:00:18.427+0800: 1.034: [Rescan (parallel) , 0.0003953 secs]2021-09-23T23:00:18.428+0800: 1.034: [weak refs processing, 0.0000190 secs]2021-09-23T23:00:18.428+0800: 1.034: [class unloading, 0.0002061 secs]2021-09-23T23:00:18.428+0800: 1.035: [scrub symbol table, 0.0003208 secs]2021-09-23T23:00:18.428+0800: 1.035: [scrub string table, 0.0001017 secs][1 CMS-remark: 348320K(349568K)] 366567K(506816K), 0.0011229 secs] [Times: user=0.00 sys=0.00, real=0.00 secs] 
2021-09-23T23:00:18.428+0800: 1.035: [CMS-concurrent-sweep-start]
2021-09-23T23:00:18.429+0800: 1.036: [CMS-concurrent-sweep: 0.001/0.001 secs] [Times: user=0.00 sys=0.00, real=0.00 secs] 
2021-09-23T23:00:18.429+0800: 1.036: [CMS-concurrent-reset-start]
2021-09-23T23:00:18.430+0800: 1.036: [CMS-concurrent-reset: 0.001/0.001 secs] [Times: user=0.00 sys=0.00, real=0.00 secs] 
2021-09-23T23:00:18.447+0800: 1.054: [GC (Allocation Failure) 2021-09-23T23:00:18.447+0800: 1.054: [ParNew: 139776K->139776K(157248K), 0.0000179 secs]2021-09-23T23:00:18.447+0800: 1.054: [CMS: 347070K->349541K(349568K), 0.0530998 secs] 486846K->350351K(506816K), [Metaspace: 2628K->2628K(1056768K)], 0.0531994 secs] [Times: user=0.05 sys=0.00, real=0.05 secs] 
2021-09-23T23:00:18.500+0800: 1.107: [GC (CMS Initial Mark) [1 CMS-initial-mark: 349541K(349568K)] 350872K(506816K), 0.0008389 secs] [Times: user=0.00 sys=0.00, real=0.00 secs] 
2021-09-23T23:00:18.501+0800: 1.108: [CMS-concurrent-mark-start]
Heap
 par new generation   total 157248K, used 7471K [0x00000000e0000000, 0x00000000eaaa0000, 0x00000000eaaa0000)
  eden space 139776K,   5% used [0x00000000e0000000, 0x00000000e074bc68, 0x00000000e8880000)
  from space 17472K,   0% used [0x00000000e9990000, 0x00000000e9990000, 0x00000000eaaa0000)
  to   space 17472K,   0% used [0x00000000e8880000, 0x00000000e8880000, 0x00000000e9990000)
 concurrent mark-sweep generation total 349568K, used 349541K [0x00000000eaaa0000, 0x0000000100000000, 0x0000000100000000)
 Metaspace       used 2634K, capacity 4486K, committed 4864K, reserved 1056768K
  class space    used 291K, capacity 386K, committed 512K, reserved 1048576K
