Java HotSpot(TM) 64-Bit Server VM (25.212-b10) for windows-amd64 JRE (1.8.0_212-b10), built on Apr  1 2019 22:50:23 by "java_re" with MS VC++ 10.0 (VS2010)
Memory: 4k page, physical 8269924k(2551296k free), swap 33435748k(21708204k free)
CommandLine flags: -XX:InitialHeapSize=536870912 -XX:MaxHeapSize=536870912 -XX:+PrintGC -XX:+PrintGCDateStamps -XX:+PrintGCDetails -XX:+PrintGCTimeStamps -XX:+UseCompressedClassPointers -XX:+UseCompressedOops -XX:-UseLargePagesIndividualAllocation -XX:+UseSerialGC 
2021-09-23T22:58:43.067+0800: 0.163: [GC (Allocation Failure) 2021-09-23T22:58:43.067+0800: 0.163: [DefNew: 139776K->17472K(157248K), 0.0206639 secs] 139776K->48226K(506816K), 0.0208242 secs] [Times: user=0.01 sys=0.00, real=0.02 secs] 
2021-09-23T22:58:43.109+0800: 0.205: [GC (Allocation Failure) 2021-09-23T22:58:43.109+0800: 0.205: [DefNew: 157248K->17471K(157248K), 0.0263970 secs] 188002K->96293K(506816K), 0.0264610 secs] [Times: user=0.01 sys=0.01, real=0.03 secs] 
2021-09-23T22:58:43.156+0800: 0.252: [GC (Allocation Failure) 2021-09-23T22:58:43.156+0800: 0.252: [DefNew: 157247K->17471K(157248K), 0.0226076 secs] 236069K->146450K(506816K), 0.0226854 secs] [Times: user=0.02 sys=0.00, real=0.02 secs] 
2021-09-23T22:58:43.220+0800: 0.315: [GC (Allocation Failure) 2021-09-23T22:58:43.220+0800: 0.315: [DefNew: 157181K->17469K(157248K), 0.0232018 secs] 286159K->183628K(506816K), 0.0233045 secs] [Times: user=0.02 sys=0.02, real=0.02 secs] 
2021-09-23T22:58:43.267+0800: 0.363: [GC (Allocation Failure) 2021-09-23T22:58:43.267+0800: 0.363: [DefNew: 157245K->17471K(157248K), 0.0197786 secs] 323404K->225198K(506816K), 0.0198424 secs] [Times: user=0.02 sys=0.01, real=0.02 secs] 
2021-09-23T22:58:43.306+0800: 0.402: [GC (Allocation Failure) 2021-09-23T22:58:43.306+0800: 0.402: [DefNew: 156938K->17471K(157248K), 0.0205580 secs] 364665K->267734K(506816K), 0.0206207 secs] [Times: user=0.02 sys=0.00, real=0.02 secs] 
2021-09-23T22:58:43.359+0800: 0.454: [GC (Allocation Failure) 2021-09-23T22:58:43.359+0800: 0.454: [DefNew: 156938K->17471K(157248K), 0.0401636 secs] 407200K->311548K(506816K), 0.0402509 secs] [Times: user=0.00 sys=0.03, real=0.04 secs] 
2021-09-23T22:58:43.418+0800: 0.514: [GC (Allocation Failure) 2021-09-23T22:58:43.418+0800: 0.514: [DefNew: 157247K->17471K(157248K), 0.0213128 secs] 451324K->352512K(506816K), 0.0213899 secs] [Times: user=0.00 sys=0.00, real=0.02 secs] 
2021-09-23T22:58:43.457+0800: 0.553: [GC (Allocation Failure) 2021-09-23T22:58:43.457+0800: 0.553: [DefNew: 157247K->157247K(157248K), 0.0000150 secs]2021-09-23T22:58:43.457+0800: 0.553: [Tenured: 335040K->283484K(349568K), 0.0372844 secs] 492288K->283484K(506816K), [Metaspace: 2628K->2628K(1056768K)], 0.0373868 secs] [Times: user=0.03 sys=0.00, real=0.04 secs] 
2021-09-23T22:58:43.514+0800: 0.610: [GC (Allocation Failure) 2021-09-23T22:58:43.514+0800: 0.610: [DefNew: 139776K->17471K(157248K), 0.0076569 secs] 423260K->335431K(506816K), 0.0077665 secs] [Times: user=0.02 sys=0.00, real=0.01 secs] 
2021-09-23T22:58:43.541+0800: 0.637: [GC (Allocation Failure) 2021-09-23T22:58:43.541+0800: 0.637: [DefNew: 157149K->157149K(157248K), 0.0000159 secs]2021-09-23T22:58:43.541+0800: 0.637: [Tenured: 317960K->317657K(349568K), 0.0452354 secs] 475109K->317657K(506816K), [Metaspace: 2628K->2628K(1056768K)], 0.0453237 secs] [Times: user=0.05 sys=0.00, real=0.05 secs] 
2021-09-23T22:58:43.608+0800: 0.704: [GC (Allocation Failure) 2021-09-23T22:58:43.608+0800: 0.704: [DefNew: 139776K->139776K(157248K), 0.0000161 secs]2021-09-23T22:58:43.608+0800: 0.704: [Tenured: 317657K->329929K(349568K), 0.0521092 secs] 457433K->329929K(506816K), [Metaspace: 2628K->2628K(1056768K)], 0.0521989 secs] [Times: user=0.06 sys=0.00, real=0.05 secs] 
2021-09-23T22:58:43.687+0800: 0.783: [GC (Allocation Failure) 2021-09-23T22:58:43.687+0800: 0.783: [DefNew: 139776K->139776K(157248K), 0.0000161 secs]2021-09-23T22:58:43.687+0800: 0.783: [Tenured: 329929K->322455K(349568K), 0.0482244 secs] 469705K->322455K(506816K), [Metaspace: 2628K->2628K(1056768K)], 0.0483196 secs] [Times: user=0.05 sys=0.00, real=0.05 secs] 
2021-09-23T22:58:43.755+0800: 0.852: [GC (Allocation Failure) 2021-09-23T22:58:43.755+0800: 0.852: [DefNew: 139776K->139776K(157248K), 0.0000306 secs]2021-09-23T22:58:43.755+0800: 0.852: [Tenured: 322455K->348869K(349568K), 0.0360193 secs] 462231K->348869K(506816K), [Metaspace: 2628K->2628K(1056768K)], 0.0361388 secs] [Times: user=0.03 sys=0.00, real=0.04 secs] 
2021-09-23T22:58:43.816+0800: 0.912: [GC (Allocation Failure) 2021-09-23T22:58:43.816+0800: 0.912: [DefNew: 139776K->139776K(157248K), 0.0000300 secs]2021-09-23T22:58:43.816+0800: 0.912: [Tenured: 348869K->349463K(349568K), 0.0430633 secs] 488645K->352181K(506816K), [Metaspace: 2628K->2628K(1056768K)], 0.0431937 secs] [Times: user=0.03 sys=0.00, real=0.04 secs] 
2021-09-23T22:58:43.882+0800: 0.978: [Full GC (Allocation Failure) 2021-09-23T22:58:43.882+0800: 0.978: [Tenured: 349463K->349193K(349568K), 0.0501567 secs] 506450K->368981K(506816K), [Metaspace: 2628K->2628K(1056768K)], 0.0502288 secs] [Times: user=0.05 sys=0.00, real=0.05 secs] 
2021-09-23T22:58:43.952+0800: 1.048: [Full GC (Allocation Failure) 2021-09-23T22:58:43.952+0800: 1.048: [Tenured: 349481K->349356K(349568K), 0.0555066 secs] 506671K->353286K(506816K), [Metaspace: 2628K->2628K(1056768K)], 0.0555799 secs] [Times: user=0.06 sys=0.00, real=0.06 secs] 
Heap
 def new generation   total 157248K, used 9663K [0x00000000e0000000, 0x00000000eaaa0000, 0x00000000eaaa0000)
  eden space 139776K,   6% used [0x00000000e0000000, 0x00000000e096ff40, 0x00000000e8880000)
  from space 17472K,   0% used [0x00000000e9990000, 0x00000000e9990000, 0x00000000eaaa0000)
  to   space 17472K,   0% used [0x00000000e8880000, 0x00000000e8880000, 0x00000000e9990000)
 tenured generation   total 349568K, used 349356K [0x00000000eaaa0000, 0x0000000100000000, 0x0000000100000000)
   the space 349568K,  99% used [0x00000000eaaa0000, 0x00000000fffcb010, 0x00000000fffcb200, 0x0000000100000000)
 Metaspace       used 2634K, capacity 4486K, committed 4864K, reserved 1056768K
  class space    used 291K, capacity 386K, committed 512K, reserved 1048576K
